// Vitest Snapshot v1, https://vitest.dev/guide/snapshot.html

exports[`AppLayout > renders correctly and matches snapshot 1`] = `
<div>
  <main
    class="max-w-screen-xl mx-auto"
  >
    <div>
      NavigationHeader
    </div>
    <div
      data-testid="outlet"
    >
      Outlet Component
    </div>
  </main>
</div>
`;
