// Vitest Snapshot v1, https://vitest.dev/guide/snapshot.html

exports[`AppLayout > renders correctly and matches snapshot 1`] = `
<div>
  <main
    class="max-w-screen-xl mx-auto"
  >
    <figure>
      NavigationHeader
    </figure>
    <figure
      data-testid="outlet"
    >
      Outlet Component
    </figure>
  </main>
</div>
`;
