// Vitest Snapshot v1, https://vitest.dev/guide/snapshot.html

exports[`Podcast > renders correctly and matches snapshot 1`] = `
<div>
  <section
    class="grid grid-cols-7 gap-12"
  >
    <aside
      class="col-span-2"
    >
      <figure
        class="bg-gray-50 border-2 border-gray-200 shadow-xl p-4"
        data-testid="podcast-aside"
      >
        <img
          alt="Sample Podcast"
          class="w-4/5 mx-auto rounded-full"
          src="some-url.jpg"
        />
        <header
          class="p-4"
        >
          <a
            href="/podcast/123"
          >
            <h4
              class="font-bold text-xl mb-2"
            >
              Sample Podcast
            </h4>
            <h6
              class="text-gray-700 text-base"
            >
              Author Name
            </h6>
          </a>
        </header>
        <blockquote
          class="text-sm"
        >
          <h5
            class="font-bold text-lg mb-2"
          >
            Description
          </h5>
          Podcast Description
        </blockquote>
      </figure>
    </aside>
    <article
      class="col-span-5"
      data-testid="podcast-main"
    >
      <figure
        class="bg-gray-50 border-2 border-gray-200 shadow-xl p-4 mb-6"
        data-testid="podcast-count"
      >
        <h4
          class="text-xl"
        >
          1
           episodes
        </h4>
      </figure>
      <figure
        class="bg-gray-50 border-2 border-gray-200 shadow-xl p-4"
        data-testid="podcast-episodes"
      >
        <table
          class="w-full table-fixed"
        >
          <thead>
            <tr>
              <th
                colspan="8"
              >
                Title
              </th>
              <th>
                Date
              </th>
              <th>
                Duration
              </th>
            </tr>
          </thead>
          <tbody>
            <tr
              data-testid="podcast-episode"
            >
              <td
                colspan="8"
              >
                <a
                  class="font-bold text-sky-600"
                  href="/podcast/123/episode/0"
                >
                  Episode 1
                </a>
              </td>
              <td
                class="text-center"
              >
                2023-08-29T12:00:00Z
              </td>
              <td
                class="text-center"
              >
                30:00
              </td>
            </tr>
          </tbody>
        </table>
      </figure>
    </article>
  </section>
</div>
`;
