// Vitest Snapshot v1, https://vitest.dev/guide/snapshot.html

exports[`AudioPlayer > renders correctly and matches snapshot 1`] = `
<div>
  <audio
    controls=""
  >
    <source
      src="http://example.com/audio.mp3"
      type="audio/mpeg"
    />
    Your browser does not support the audio element.
  </audio>
</div>
`;
